../Core/Src/main.c:89:5:main	8	static
../Core/Src/main.c:141:6:SystemClock_Config	88	static
../Core/Src/main.c:194:13:MX_ADC_Init	24	static
../Core/Src/main.c:247:13:MX_DAC_Init	16	static
../Core/Src/main.c:291:13:MX_I2C1_Init	8	static
../Core/Src/main.c:325:13:MX_I2C2_Init	8	static
../Core/Src/main.c:359:13:MX_RTC_Init	8	static
../Core/Src/main.c:393:13:MX_SPI1_Init	8	static
../Core/Src/main.c:431:13:MX_SPI2_Init	8	static
../Core/Src/main.c:469:13:MX_USART1_UART_Init	8	static
../Core/Src/main.c:502:13:MX_USB_PCD_Init	8	static
../Core/Src/main.c:533:13:MX_GPIO_Init	40	static
../Core/Src/main.c:560:6:Error_Handler	4	static,ignoring_inline_asm
