../Drivers/STM32L1xx_HAL_Driver/Src/stm32l1xx_hal_dac.c:282:19:HAL_DAC_Init	16	static
../Drivers/STM32L1xx_HAL_Driver/Src/stm32l1xx_hal_dac.c:343:19:HAL_DAC_DeInit	16	static
../Drivers/STM32L1xx_HAL_Driver/Src/stm32l1xx_hal_dac.c:388:13:HAL_DAC_MspInit	16	static
../Drivers/STM32L1xx_HAL_Driver/Src/stm32l1xx_hal_dac.c:404:13:HAL_DAC_MspDeInit	16	static
../Drivers/STM32L1xx_HAL_Driver/Src/stm32l1xx_hal_dac.c:446:19:HAL_DAC_Start	16	static
../Drivers/STM32L1xx_HAL_Driver/Src/stm32l1xx_hal_dac.c:501:19:HAL_DAC_Stop	16	static
../Drivers/STM32L1xx_HAL_Driver/Src/stm32l1xx_hal_dac.c:533:19:HAL_DAC_Start_DMA	32	static
../Drivers/STM32L1xx_HAL_Driver/Src/stm32l1xx_hal_dac.c:665:19:HAL_DAC_Stop_DMA	16	static
../Drivers/STM32L1xx_HAL_Driver/Src/stm32l1xx_hal_dac.c:713:6:HAL_DAC_IRQHandler	16	static
../Drivers/STM32L1xx_HAL_Driver/Src/stm32l1xx_hal_dac.c:786:19:HAL_DAC_SetValue	32	static
../Drivers/STM32L1xx_HAL_Driver/Src/stm32l1xx_hal_dac.c:820:13:HAL_DAC_ConvCpltCallbackCh1	16	static
../Drivers/STM32L1xx_HAL_Driver/Src/stm32l1xx_hal_dac.c:836:13:HAL_DAC_ConvHalfCpltCallbackCh1	16	static
../Drivers/STM32L1xx_HAL_Driver/Src/stm32l1xx_hal_dac.c:852:13:HAL_DAC_ErrorCallbackCh1	16	static
../Drivers/STM32L1xx_HAL_Driver/Src/stm32l1xx_hal_dac.c:868:13:HAL_DAC_DMAUnderrunCallbackCh1	16	static
../Drivers/STM32L1xx_HAL_Driver/Src/stm32l1xx_hal_dac.c:907:10:HAL_DAC_GetValue	24	static
../Drivers/STM32L1xx_HAL_Driver/Src/stm32l1xx_hal_dac.c:939:19:HAL_DAC_ConfigChannel	32	static
../Drivers/STM32L1xx_HAL_Driver/Src/stm32l1xx_hal_dac.c:1006:22:HAL_DAC_GetState	16	static
../Drivers/STM32L1xx_HAL_Driver/Src/stm32l1xx_hal_dac.c:1019:10:HAL_DAC_GetError	16	static
../Drivers/STM32L1xx_HAL_Driver/Src/stm32l1xx_hal_dac.c:1285:6:DAC_DMAConvCpltCh1	24	static
../Drivers/STM32L1xx_HAL_Driver/Src/stm32l1xx_hal_dac.c:1304:6:DAC_DMAHalfConvCpltCh1	24	static
../Drivers/STM32L1xx_HAL_Driver/Src/stm32l1xx_hal_dac.c:1321:6:DAC_DMAErrorCh1	24	static
