../Drivers/STM32L1xx_HAL_Driver/Src/stm32l1xx_hal_rtc.c:243:19:HAL_RTC_Init	16	static
../Drivers/STM32L1xx_HAL_Driver/Src/stm32l1xx_hal_rtc.c:363:19:HAL_RTC_DeInit	24	static
../Drivers/STM32L1xx_HAL_Driver/Src/stm32l1xx_hal_rtc.c:684:13:HAL_RTC_MspInit	16	static
../Drivers/STM32L1xx_HAL_Driver/Src/stm32l1xx_hal_rtc.c:699:13:HAL_RTC_MspDeInit	16	static
../Drivers/STM32L1xx_HAL_Driver/Src/stm32l1xx_hal_rtc.c:737:19:HAL_RTC_SetTime	40	static
../Drivers/STM32L1xx_HAL_Driver/Src/stm32l1xx_hal_rtc.c:868:19:HAL_RTC_GetTime	32	static
../Drivers/STM32L1xx_HAL_Driver/Src/stm32l1xx_hal_rtc.c:914:19:HAL_RTC_SetDate	40	static
../Drivers/STM32L1xx_HAL_Driver/Src/stm32l1xx_hal_rtc.c:1020:19:HAL_RTC_GetDate	32	static
../Drivers/STM32L1xx_HAL_Driver/Src/stm32l1xx_hal_rtc.c:1054:6:HAL_RTC_DST_Add1Hour	16	static
../Drivers/STM32L1xx_HAL_Driver/Src/stm32l1xx_hal_rtc.c:1068:6:HAL_RTC_DST_Sub1Hour	16	static
../Drivers/STM32L1xx_HAL_Driver/Src/stm32l1xx_hal_rtc.c:1082:6:HAL_RTC_DST_SetStoreOperation	16	static
../Drivers/STM32L1xx_HAL_Driver/Src/stm32l1xx_hal_rtc.c:1095:6:HAL_RTC_DST_ClearStoreOperation	16	static
../Drivers/STM32L1xx_HAL_Driver/Src/stm32l1xx_hal_rtc.c:1107:10:HAL_RTC_DST_ReadStoreOperation	16	static
../Drivers/STM32L1xx_HAL_Driver/Src/stm32l1xx_hal_rtc.c:1139:19:HAL_RTC_SetAlarm	40	static
../Drivers/STM32L1xx_HAL_Driver/Src/stm32l1xx_hal_rtc.c:1332:19:HAL_RTC_SetAlarm_IT	40	static
../Drivers/STM32L1xx_HAL_Driver/Src/stm32l1xx_hal_rtc.c:1525:19:HAL_RTC_DeactivateAlarm	24	static
../Drivers/STM32L1xx_HAL_Driver/Src/stm32l1xx_hal_rtc.c:1619:19:HAL_RTC_GetAlarm	32	static
../Drivers/STM32L1xx_HAL_Driver/Src/stm32l1xx_hal_rtc.c:1678:6:HAL_RTC_AlarmIRQHandler	16	static
../Drivers/STM32L1xx_HAL_Driver/Src/stm32l1xx_hal_rtc.c:1727:13:HAL_RTC_AlarmAEventCallback	16	static
../Drivers/STM32L1xx_HAL_Driver/Src/stm32l1xx_hal_rtc.c:1743:19:HAL_RTC_PollForAlarmAEvent	24	static
../Drivers/STM32L1xx_HAL_Driver/Src/stm32l1xx_hal_rtc.c:1802:19:HAL_RTC_WaitForSynchro	24	static
../Drivers/STM32L1xx_HAL_Driver/Src/stm32l1xx_hal_rtc.c:1852:21:HAL_RTC_GetState	16	static
../Drivers/STM32L1xx_HAL_Driver/Src/stm32l1xx_hal_rtc.c:1875:19:RTC_EnterInitMode	24	static
../Drivers/STM32L1xx_HAL_Driver/Src/stm32l1xx_hal_rtc.c:1905:9:RTC_ByteToBcd2	24	static
../Drivers/STM32L1xx_HAL_Driver/Src/stm32l1xx_hal_rtc.c:1924:9:RTC_Bcd2ToByte	24	static
